// Jest Snapshot v1, https://goo.gl/fbAQLP

exports[`<App /> should render and match the snapshot 1`] = `
<BrowserRouter
  basename=""
>
  *
  <Helmet
    defaultTitle="FISH MultiSig"
    defer={true}
    encodeSpecialCharacters={true}
    titleTemplate="%s | FISH MultiSig"
  />
  <BlockChainProvider>
    <Switch>
      <Route
        component={[Function]}
        exact={true}
        path="/"
      />
      <Route
        component={[Function]}
      />
    </Switch>
  </BlockChainProvider>
  <Memo(GlobalStyleComponent) />
</BrowserRouter>
`;
